// Jest Snapshot v1, https://goo.gl/fbAQLP

exports[`Test all exports from this package 1`] = `
Array [
  "NativeError",
  "Error",
  "NativeRangeError",
  "RangeError",
  "NativeReferenceError",
  "ReferenceError",
  "NativeSyntaxError",
  "SyntaxError",
  "NativeTypeError",
  "TypeError",
  "NativeURIError",
  "URIError",
  "ArgumentError",
  "ArgumentNullError",
  "ArgumentOutOfRangeError",
  "AuthenticationError",
  "AuthenticationRequiredError",
  "DataError",
  "TransactionError",
  "DirectoryNotFoundError",
  "DriveNotFoundError",
  "EndOfStreamError",
  "FileLoadError",
  "FileNotFoundError",
  "IOError",
  "PathTooLongError",
  "SocketError",
  "UnauthorizedAccessError",
  "UnauthorizedError",
  "AlreadyInUseError",
  "ConnectionError",
  "IndexOutOfRangeError",
  "InvalidDataError",
  "InvalidOperationError",
  "NotFoundError",
  "NotImplementedError",
  "NotPermittedError",
  "NotSupportedError",
  "OperationCanceledError",
  "OutOfMemoryError",
  "StackOverflowError",
  "TimeoutError",
  "ErrorName",
  "ErrorTool",
]
`;
